
> nevo@0.1.0 build
> next build

▲ Next.js 16.1.6 (Turbopack)
- Environments: .env.local

  Creating an optimized production build ...
✓ Compiled successfully in 19.0s
  Running TypeScript ...
  Collecting page data using 11 workers ...
  Generating static pages using 11 workers (0/53) ...
  Generating static pages using 11 workers (13/53) 
  Generating static pages using 11 workers (26/53) 
  Generating static pages using 11 workers (39/53) 
✓ Generating static pages using 11 workers (53/53) in 3.5s
  Finalizing page optimization ...

Route (app)
┌ ○ /
├ ○ /_not-found
├ ƒ /api/assessments
├ ƒ /api/assessments/questions
├ ƒ /api/auth/[...nextauth]
├ ƒ /api/auth/resend-verification
├ ƒ /api/auth/student/forgot-id
├ ƒ /api/auth/student/forgot-pin
├ ƒ /api/auth/student/login
├ ƒ /api/auth/student/register
├ ƒ /api/auth/teacher/accept-school-invite
├ ƒ /api/auth/teacher/resend-verification
├ ƒ /api/auth/teacher/verify-email
├ ƒ /api/auth/verify-email
├ ƒ /api/chat/ask
├ ƒ /api/lessons/[lessonId]/play
├ ƒ /api/messages
├ ƒ /api/messages/threads
├ ƒ /api/messages/threads/[threadId]
├ ƒ /api/schools/[schoolId]/classes
├ ƒ /api/schools/search
├ ƒ /api/students/connection-requests/[id]
├ ƒ /api/students/connections
├ ƒ /api/teacher/avatar-upload
├ ƒ /api/teacher/classes
├ ƒ /api/teacher/lessons
├ ƒ /api/teacher/lessons/[lessonId]
├ ƒ /api/teacher/lessons/[lessonId]/adaptation
├ ƒ /api/teacher/lessons/[lessonId]/ai-review
├ ƒ /api/teacher/lessons/[lessonId]/archive
├ ƒ /api/teacher/lessons/[lessonId]/assign
├ ƒ /api/teacher/lessons/[lessonId]/assignments
├ ƒ /api/teacher/lessons/[lessonId]/duplicate
├ ƒ /api/teacher/lessons/[lessonId]/objectives
├ ƒ /api/teacher/lessons/[lessonId]/publish
├ ƒ /api/teacher/students/assignable
├ ƒ /api/teacher/upload-proxy
├ ƒ /api/teacher/upload-url
├ ƒ /api/teachers/connect
├ ○ /auth
├ ƒ /dashboard
├ ○ /forgot-password
├ ƒ /lesson/[id]
├ ƒ /lesson/[id]/[stage]
├ ƒ /lesson/[id]/assessment
├ ƒ /lesson/[id]/break
├ ƒ /lesson/[id]/complete
├ ƒ /lesson/[id]/micro-quiz
├ ○ /login
├ ○ /login/school
├ ○ /login/school/forgot-password
├ ○ /login/student
├ ○ /login/student/forgot-id
├ ○ /login/student/forgot-pin
├ ○ /login/teacher
├ ○ /onboarding/verify-email
├ ○ /register
├ ○ /register/assessment
├ ○ /register/school
├ ○ /register/school/camera-setup
├ ○ /register/school/data-agreement
├ ○ /register/school/ready
├ ○ /register/school/success
├ ○ /register/school/verify-email
├ ○ /register/student
├ ○ /register/teacher
├ ○ /register/teacher/profile
├ ○ /register/teacher/workspace
├ ○ /reset-password
├ ○ /teacher/invite/accept
├ ○ /verify-email
└ ○ /waitlist


ƒ Proxy (Middleware)

○  (Static)   prerendered as static content
ƒ  (Dynamic)  server-rendered on demand

